delete:
 .git
 .settings
 .gitignore
 .project
 .pydevproject
 icon.pdn

 .pyo files
 github_notes.txt
 \youtube_dl folder
 psd files in addons\script.reddit.reader\resources\skins\Default\media

open notepad ++
 search in files :..\kodi stuff\script.reddit.reader

 search for comments (regex)-->    ^\s*\#.*?(?=\r?$)
 replace with nothing (put the first few lines in file back)

addon.xml
 change xbmc.python version to 2.25  (for krypton)

change LOGNOTICE to LOGDEBUG in utils.py and guis.py


github notes:  (6-27-2016)

# Clone your fork of kodi's repo into the current directory in terminal
git clone git@github.com:gedisony/repo-scripts.git repo-scripts

# Navigate to the newly cloned directory
cd repo-scripts

# Assign the original repo to a remote called "upstream"
git remote add upstream https://github.com/xbmc/repo-scripts.git                                   not(https://github.com/xbmc/repo-plugins.git)


$ git remote -v
origin  git@github.com:gedisony/repo-plugins.git (fetch)
origin  git@github.com:gedisony/repo-plugins.git (push)
upstream        https://github.com/xbmc/repo-plugins.git (fetch)
upstream        https://github.com/xbmc/repo-plugins.git (push)



git checkout krypton

If you cloned a while ago, get the latest changes from upstream:

# Fetch upstream changes
git fetch upstream
# Make sure you are on your 'master' branch
git checkout master
# Merge upstream changes   ### use this to get your fork in github UP TO DATE with the actual thing on kodi
git merge upstream/krypton   <-- errors -->   git reset --hard upstream/krypton  -- <-- force my fork to be same as upstream(kodi)

***Your branch and 'origin/master' have diverged,
    git pull
    git add .
    git commit -m "resolved conflict"
    git push
    (takes a little time)

#then make our fork up to date with kodis
git push origin krypton
---Everything up-to-date




#Create a new branch to contain your new add-on or subsequent update:
$ git checkout -b script.reddit.readerZZZ

#The branch name isn't really relevant however a good suggestion is to name it like the addon ID.


#Commit your changes in a single commit, or your pull request is unlikely to be merged into the main repository.
#Use git's interactive rebase feature to tidy up your commits before making them public. The commit for your add-on should have the following naming convention as the following example:
*** don't know what it means "single commit" (how to commit?)
*** go to repo-plugins and copy the entire folder plugin.video.reddit_viewer-master
*** remove the "-master"  --> plugin.video.reddit_viewer
***
*** this is what i did:
$ git commit -m "[script.reddit.reader] 0.7.1"

On branch add-on-branch-name
Untracked files:
        plugin.video.reddit_viewer/                <------ error message

nothing added to commit but untracked files present

 ~/kodi stuff/repo-plugins (add-on-branch-name)
$ git add .    <---- did this to fix the error.

$ git commit -m "[script.reddit.reader] 0.7.1"  <------- this will now work


#Push your topic branch up to your fork:

git push origin script.reddit.readerZZZ      <------- script.reddit.readerZZZ is the branch name you've made

#Open a pull request with a clear title and description.


*** go to browser, github, on your fork. make sure it does not say "This branch is X commit behind of xbmc:jarvis."
*** if so:  git merge upstream/jarvis   +  git push origin jarvis


*** on browser: click on pull request
upper left : base fork: xbmc/repo-plugins         base:    jarvis
upper right: head fork: gedisony/repo-plugins     compare: add-on-branch-name
(click on green button create pull request)

*** the clear title will be [script.reddit.reader] 0.7.1
*** (don't know what description) left it as blank

*** sent pull request on 6/27/2016






if need to change things...
   git add .
   git commit -m "[script.reddit.reader] 095b"

git rebase --interactive HEAD~2
(bunch of vi stuff later...)
   *pick one  ("pick" the top of the list and "s" the bottom rest)
   *squash the rest...

(second vi stuff)
   use the "[script.reddit.reader] 0.7.1" comment and # the rest

(end bunch of vi stuff...)

** sometimes need to use "git rebase --abort" to start over

git push origin script.reddit.reader --force
git push origin (branch-name) --force





--------------------------------------------------------------------------------------------------------------------------------------
new github notes (6/5/2017) special thanks to Skipmode A1  http://forum.kodi.tv/showthread.php?tid=280882&pid=2365444#pid2365444

cd kodi stuff\repo-scripts
git remote -v
rem make sure that these are the origin and upstream repos
pause

***get upstream krypton branch (reset everything)
***git checkout -b krypton upstream/krypton
*** a file still said modified: script.video.randomtv/resources/language/resource.language.en_gb/strings.po
*** vi .gitattribute and comment out the text=auto line. <--not sure if it works


rem get the latest changes from upstream:
git checkout krypton

rem Fetch upstream changes
git fetch upstream

rem Make sure you are on your 'master' branch
git checkout master

rem Merge upstream changes   ### use this to get your fork in github UP TO DATE with the actual thing on kodi
rem force my fork in github to be same as upstream(kodi)
git reset --hard upstream/krypton

git merge upstream/krypton

***Your branch and 'origin/master' have diverged,
    git pull
    git add .
    git commit -m "resolved conflict"
    git push
    (takes a little time)

#then make our fork up to date with kodis
git push origin krypton

---Everything up-to-date

$ git push origin master
Everything up-to-date

rem continue if it says Already up-to-date
pause

#still on (master)
rem Add the addon in your github as a remote
git remote add script.module.requests-cache git@github.com:gedisony/script.module.requests-cache
git remote add script.reddit.reader git@github.com:gedisony/script.reddit.reader


rem Fetch your addon from your github
git fetch script.module.requests-cache
git fetch script.reddit.reader

rem Make a branch for your addon and go to that branch    #git checkout -b %1 script.module.requests-cache/master
git checkout -b 0.0.1 script.module.requests-cache/master
git checkout -b srr099 script.reddit.reader/master


#now on (0.0.1)
rem go to the krypton branch
git checkout krypton

#now on (krypton)
rem delete the old version of the addon
git rm .\script.module.requests-cache\ -r
rm script.reddit.reader -r

rem get the new version of the addon from the branch you created
git read-tree --prefix=script.module.requests-cache/ -u 0.0.1

#ls -la now shows the folder script.module.requests-cache\

rem force remove .git files
git rm -f script.module.requests-cache\.gitattributes
git rm -f script.module.requests-cache\.gitignore

***** PREPARE FOR RELEASE DELETE/EDIT kodi stuff\repo-scripts\script.reddit.reader
.gitignore
icon.pdn
\resources\github_notes.txt
\resources\skins\Default\media\icons.psd
\resources\skins\Default\media\types.psd

open notepad ++
  - Find in Files :..\kodi stuff\repo-scripts\script.reddit.reader
  - search for comments (regex)-->    ^\s*\#.*?(?=\r?$)
  - replace with nothing (put the first few lines in file back)

  addon.xml
    - change xbmc.python version to 2.25  (for krypton)

  change LOGNOTICE to LOGDEBUG in utils.py and guis.py

pause

#don't know how to use diff
#rem show the differences
#git diff --staged

git status
git add .
git commit -m "[script.module.requests-cache] 0.0.1"
git commit -m "[script.reddit.reader] 0.9.9"

rem push the stuff to the krypton branch in your github (if everything went ok):
git push origin krypton

go to github website:
gedisony/repo-scripts
Change branch to krypton

upper left : base fork: xbmc/repo-scripts         base:    krypton
upper right: head fork: gedisony/repo-scripts     compare: krypton
(click on green button create pull request)







--------------------------------------------------------------------------------------------------------------------------------------


cd kodi stuff\repo-plugins
git remote -v
rem make sure that these are the origin and upstream repos
pause

***get upstream jarvis branch (reset everything)
***git checkout -b jarvis upstream/jarvis
*** a file still said modified: script.video.randomtv/resources/language/resource.language.en_gb/strings.po
*** vi .gitattribute and comment out the text=auto line. <--not sure if it works


rem get the latest changes from upstream:
git checkout jarvis

rem Fetch upstream changes
git fetch upstream

rem Make sure you are on your 'master' branch
git checkout master

rem Merge upstream changes   ### use this to get your fork in github UP TO DATE with the actual thing on kodi
rem force my fork in github to be same as upstream(kodi)
git reset --hard upstream/jarvis

git merge upstream/jarvis

---Already up-to-date.

***Your branch and 'origin/master' have diverged,
    git pull
    (open text editor on files that have merge conflict)
    git add .
    git commit -m "resolved conflict"
    git push
    (takes a little time)

#then make our fork up to date with kodis
git push origin jarvis

---Everything up-to-date

$ git push origin master
Everything up-to-date

rem continue if it says Already up-to-date
pause

#still on (master)
rem Add the addon in your github as a remote
git remote add plugin.video.reddit_viewer git@github.com:gedisony/plugin.video.reddit_viewer

***fatal: remote plugin.video.reddit_viewer already exists. (just proceed?)

rem Fetch your addon from your github
git fetch plugin.video.reddit_viewer
**remote: Counting objects: 52, done.
**remote: Total 52 (delta 21), reused 21 (delta 21), pack-reused 31
**Unpacking objects: 100% (52/52), done.
**From github.com:gedisony/plugin.video.reddit_viewer
**   a483c36..4212a0e  master     -> plugin.video.reddit_viewer/master


rem Make a branch for your addon and go to that branch    #git checkout -b %1 script.module.requests-cache/master
git checkout -b 350jv plugin.video.reddit_viewer/master

**Branch 351jv set up to track remote branch master from plugin.video.reddit_viewer.
**Switched to a new branch '351jv'
#now on (350jv)
rem go to the jarvis branch
git checkout jarvis

#now on (jarvis)
rem delete the old version of the addon
rm plugin.video.reddit_viewer/ -r

rem get the new version of the addon from the branch you created
git read-tree --prefix=plugin.video.reddit_viewer/ -u 350jv
    *** error: Entry 'plugin.video.reddit_viewer/LICENSE.txt' overlaps with 'plugin.video.reddit_viewer/LICENSE.txt'.  Cannot bind.
    *** git add .
    *** git read-tree --prefix=plugin.video.reddit_viewer -u 350jv     <-- works now. ?

#ls -la now shows the folder plugin.video.reddit_viewer\


***** PREPARE FOR RELEASE DELETE/EDIT kodi stuff\repo-plugins\plugin.video.reddit_viewer
.gitignore

open notepad ++
  - Find in Files :...\kodi stuff\repo-plugins\plugin.video.reddit_viewer
  - search for comments (regex)-->    ^\s*\#.*?(?=\r?$)
  - Goto Replace tab
  - find again using list at bottom on np++ to get to each of the files found in 1st step.
  - replace with nothing (put the cursor after the first few lines and make sure wrap around is not checked)

  addon.xml
    - change xbmc.python version to 2.24  (for jarvis)

  change LOGNOTICE to LOGDEBUG in utils.py (controlled by setting, no need to change)

pause

#don't know how to use diff
#rem show the differences
#git diff --staged

git status
git add .
git commit -m "[plugin.video.reddit_viewer] 3.5.0"

**test the exited version:
**windows explorer: navigate to ...\kodi stuff\repo-plugins and create a zip file for plugin.video.reddit_viewer
**  ## do not leave the zip file in the folder ##

rem push the stuff to the jarvis branch in your github
git push origin jarvis

go to github website:
gedisony/repo-plugins
Change branch to jarvis
(new pull request) <-- gray button

upper left : base fork: xbmc/repo-plugins         base:    jarvis
upper right: head fork: gedisony/repo-plugins     compare: jarvis
(click on green button create pull request)
make sure no red text says ~"merge conflict"
it has to be green text ~"ok to merge"

  $ git reset --hard upstream/jarvis
  $rm plugin.video.reddit_viewer/ -r
  (copy over the new files...)
  $ git add .
  $ git commit -m "[plugin.video.reddit_viewer] 3.5.0"
  $ git push origin jarvis
  (go to browser as above)
  
***  To git@github.com:gedisony/repo-plugins.git
*** ! [rejected]        jarvis -> jarvis (non-fast-forward)
***error: failed to push some refs to 'git@github.com:gedisony/repo-plugins.git'
***hint: Updates were rejected because the tip of your current branch is behind
***hint: its remote counterpart. Integrate the remote changes (e.g.
***hint: 'git pull ...') before pushing again.
GIVE UP!!!

USE SIMPLE METHOD

----------------------------------------------------------------------------------------------------
**starting from beginning
git init

git clone git@github.com:gedisony/plugin.video.reddit_viewer
** copy/paste over the changes

rt click > git gui here
  stage changes
  commit  (no warning about detached head anymore)
  push
-----------------------------------------------------------------------------------------------------